Microchip MPLAB XC8 Compiler V2.00 ()

Linker command line:

-W-3 --edf=C:\Program Files (x86)\Microchip\xc8\v2.00\pic\dat\en_msgs.txt \
  -cs -h+dist/default/production\disp7seg-bot.X.production.sym \
  --cmf=dist/default/production\disp7seg-bot.X.production.cmf -z -Q16F887 \
  -oC:\Users\20185076\AppData\Local\Temp\s264.2 \
  -Mdist/default/production/disp7seg-bot.X.production.map -E1 -ver=XC8 \
  --acfsm=1493 -ASTACK=0110h-016fh -pstack=STACK -ACODE=00h-07FFhx4 \
  -ASTRCODE=00h-01FFFh -ASTRING=00h-0FFhx32 -ACONST=00h-0FFhx32 \
  -AENTRY=00h-0FFhx32 -ACOMMON=070h-07Fh -ABANK0=020h-06Fh \
  -ABANK1=0A0h-0EFh -ABANK2=0110h-016Fh -ABANK3=0190h-01EFh \
  -ARAM=020h-06Fh,0A0h-0EFh,0110h-016Fh,0190h-01EFh \
  -AABS1=020h-07Fh,0A0h-0EFh,0110h-016Fh,0190h-01EFh -ASFR0=00h-01Fh \
  -ASFR1=080h-09Fh -ASFR2=0100h-010Fh -ASFR3=0180h-018Fh \
  -preset_vec=00h,intentry,init,end_init -ppowerup=CODE -pcinit=CODE \
  -pfunctab=ENTRY -ACONFIG=02007h-02008h -pconfig=CONFIG -DCONFIG=2 \
  -AIDLOC=02000h-02003h -pidloc=IDLOC -DIDLOC=2 -AEEDATA=00h-0FFh/02100h \
  -peeprom_data=EEDATA -DEEDATA=2 -DCODE=2 -DSTRCODE=2 -DSTRING=2 -DCONST=2 \
  -DENTRY=2 -k C:\Users\20185076\AppData\Local\Temp\s264.o \
  dist/default/production\disp7seg-bot.X.production.o 

Object code version is 3.11

Machine type is 16F887



                Name                               Link     Load   Length Selector   Space Scale
C:\Users\20185076\AppData\Local\Temp\s264.o
                end_init                              0        0        3        0       0
                config                             2007     2007        2     400E       0
dist/default/production\disp7seg-bot.X.production.o
                cinit                               7E2      7E2       1E      FC4       0
                functab                               3        3        9        6       0
                text6                               6FC      6FC        9      DF8       0
                text5                               6F4      6F4        8      DE8       0
                text4                               6EF      6EF        5      DDE       0
                text3                               73C      73C       17      E78       0
                text2                               705      705        A      E0A       0
                text1                               70F      70F        A      E1E       0
                maintext                            753      753       8F      EA6       0
                cstackCOMMON                         70       70        7       70       1
                inittext                            729      729       13      E52       0
                dataBANK0                            20       20       10       20       1
                dataCOMMON                           77       77        2       70       1
                idataBANK0                          719      719       10      E32       0
                idataCOMMON                         6ED      6ED        2      DDA       0

TOTAL           Name                               Link     Load   Length     Space
        CLASS   STACK          

        CLASS   CODE           
                end_init                              0        0        3         0
                cinit                               7E2      7E2       1E         0
                text6                               6FC      6FC        9         0
                text5                               6F4      6F4        8         0
                text4                               6EF      6EF        5         0
                text3                               73C      73C       17         0
                text2                               705      705        A         0
                text1                               70F      70F        A         0
                maintext                            753      753       8F         0
                inittext                            729      729       13         0
                idataBANK0                          719      719       10         0
                idataCOMMON                         6ED      6ED        2         0

        CLASS   STRCODE        

        CLASS   STRING         

        CLASS   CONST          

        CLASS   ENTRY          
                functab                               3        3        9         0

        CLASS   COMMON         
                cstackCOMMON                         70       70        7         1
                dataCOMMON                           77       77        2         1

        CLASS   BANK0          
                dataBANK0                            20       20       10         1

        CLASS   BANK1          

        CLASS   BANK2          

        CLASS   BANK3          

        CLASS   RAM            

        CLASS   ABS1           
                abs_s1                               7E       7E        2         1

        CLASS   SFR0           

        CLASS   SFR1           

        CLASS   SFR2           

        CLASS   SFR3           

        CLASS   CONFIG         
                config                             2007     2007        2         0

        CLASS   IDLOC          

        CLASS   EEDATA         



SEGMENTS        Name                           Load    Length   Top    Selector   Space  Class     Delta

                reset_vec                      000000  000003  000003         0       0  CODE        2
                functab                        000003  000009  00000C         6       0  ENTRY       2
                dataBANK0                      000020  000010  000030        20       1  BANK0       1
                cstackCOMMON                   000070  000009  000079        70       1  COMMON      1
                idataCOMMON                    0006ED  000002  0006EF       DDA       0  CODE        2
                text4                          0006EF  000005  0006F4       DDE       0  CODE        2
                text5                          0006F4  000008  0006FC       DE8       0  CODE        2
                text6                          0006FC  000009  000705       DF8       0  CODE        2
                text2                          000705  00000A  00070F       E0A       0  CODE        2
                text1                          00070F  00000A  000719       E1E       0  CODE        2
                idataBANK0                     000719  000010  000729       E32       0  CODE        2
                inittext                       000729  000013  00073C       E52       0  CODE        2
                text3                          00073C  000017  000753       E78       0  CODE        2
                maintext                       000753  00008F  0007E2       EA6       0  CODE        2
                cinit                          0007E2  00001E  000800       FC4       0  CODE        2
                config                         002007  000002  002009      400E       0  CONFIG      2


UNUSED ADDRESS RANGES

        Name                Unused          Largest block    Delta
        BANK0            0030-006F             40           1
        BANK1            00A0-00EF             50           1
        BANK2            0110-016F             60           1
        BANK3            0190-01EF             60           1
        CODE             000C-06EC            6E1           2
                         0800-1FFF            800
        COMMON           0079-007D              5           1
        CONST            000C-06EC            100           2
                         0800-1FFF            100
        EEDATA           2100-21FF            100           2
        ENTRY            000C-06EC            100           2
                         0800-1FFF            100
        IDLOC            2000-2003              4           2
        RAM              0030-006F             40           1
                         00A0-00EF             50
                         0110-016F             60
                         0190-01EF             60
        SFR0             0000-001F             20           1
        SFR1             0080-009F             20           1
        SFR2             0100-010F             10           1
        SFR3             0180-018F             10           1
        STACK            0110-016F             60           1
        STRCODE          000C-06EC            6E1           2
                         0800-1FFF           1800
        STRING           000C-06EC            100           2
                         0800-1FFF            100

                                  Symbol Table

_ANSELH                   (abs)        0189
_PORTB                    (abs)        0006
_PORTDbits                (abs)        0008
_TRISB                    (abs)        0086
_TRISDbits                (abs)        0088
__CFG_BOR4V$BOR40V        (abs)        0000
__CFG_BOREN$OFF           (abs)        0000
__CFG_CP$OFF              (abs)        0000
__CFG_CPD$OFF             (abs)        0000
__CFG_FCMEN$OFF           (abs)        0000
__CFG_FOSC$INTRC_NOCLKOUT (abs)        0000
__CFG_IESO$OFF            (abs)        0000
__CFG_LVP$OFF             (abs)        0000
__CFG_MCLRE$OFF           (abs)        0000
__CFG_PWRTE$OFF           (abs)        0000
__CFG_WDTE$OFF            (abs)        0000
__CFG_WRT$OFF             (abs)        0000
__Habs1                   abs1         0000
__Hbank0                  bank0        0000
__Hbank1                  bank1        0000
__Hbank2                  bank2        0000
__Hbank3                  bank3        0000
__Hcinit                  cinit        0800
__Hclrtext                clrtext      0000
__Hcode                   code         0000
__Hcommon                 common       0000
__Hconfig                 config       2009
__HcstackCOMMON           cstackCOMMON 0000
__HdataBANK0              dataBANK0    0000
__HdataCOMMON             dataCOMMON   0000
__Heeprom_data            eeprom_data  0000
__Hend_init               end_init     0003
__Hfunctab                functab      000C
__HidataBANK0             idataBANK0   0000
__HidataCOMMON            idataCOMMON  0000
__Hidloc                  idloc        0000
__Hinit                   init         0000
__Hinittext               inittext     0000
__Hintentry               intentry     0000
__Hmaintext               maintext     0000
__Hpowerup                powerup      0000
__Hram                    ram          0000
__Hreset_vec              reset_vec    0000
__Hsfr0                   sfr0         0000
__Hsfr1                   sfr1         0000
__Hsfr2                   sfr2         0000
__Hsfr3                   sfr3         0000
__Hspace_0                (abs)        2009
__Hspace_1                (abs)        0079
__Hspace_2                (abs)        0000
__Hspace_3                (abs)        0000
__Hstack                  stack        0000
__Hstrings                strings      0000
__Htext                   text         0000
__Labs1                   abs1         0000
__Lbank0                  bank0        0000
__Lbank1                  bank1        0000
__Lbank2                  bank2        0000
__Lbank3                  bank3        0000
__Lcinit                  cinit        07E2
__Lclrtext                clrtext      0000
__Lcode                   code         0000
__Lcommon                 common       0000
__Lconfig                 config       2007
__LcstackCOMMON           cstackCOMMON 0000
__LdataBANK0              dataBANK0    0000
__LdataCOMMON             dataCOMMON   0000
__Leeprom_data            eeprom_data  0000
__Lend_init               end_init     0000
__Lfunctab                functab      0003
__LidataBANK0             idataBANK0   0000
__LidataCOMMON            idataCOMMON  0000
__Lidloc                  idloc        0000
__Linit                   init         0000
__Linittext               inittext     0000
__Lintentry               intentry     0000
__Lmaintext               maintext     0000
__Lpowerup                powerup      0000
__Lram                    ram          0000
__Lreset_vec              reset_vec    0000
__Lsfr0                   sfr0         0000
__Lsfr1                   sfr1         0000
__Lsfr2                   sfr2         0000
__Lsfr3                   sfr3         0000
__Lspace_0                (abs)        0000
__Lspace_1                (abs)        0000
__Lspace_2                (abs)        0000
__Lspace_3                (abs)        0000
__Lstack                  stack        0000
__Lstrings                strings      0000
__Ltext                   text         0000
__S0                      (abs)        2009
__S1                      (abs)        0079
__S2                      (abs)        0000
__S3                      (abs)        0000
___int_sp                 stack        0000
___latbits                (abs)        0002
___sp                     stack        0000
__end_of__fptable         functab      000C
__end_of__initialization  cinit        07FC
__end_of_botao_soma       text6        0705
__end_of_botao_subtrai    text5        06FC
__end_of_botoes_init      text4        06F4
__end_of_delay            text3        0753
__end_of_disp7seg         text2        070F
__end_of_disp7seg_init    text1        0719
__end_of_main             maintext     07E2
__fptable                 functab      0003
__initialization          cinit        07E2
__pcstackCOMMON           cstackCOMMON 0070
__pdataBANK0              dataBANK0    0020
__pdataCOMMON             dataCOMMON   0077
__pfunctab                functab      0003
__pidataBANK0             idataBANK0   0719
__pidataCOMMON            idataCOMMON  06ED
__pmaintext               maintext     0753
__ptext1                  text1        070F
__ptext2                  text2        0705
__ptext3                  text3        073C
__ptext4                  text4        06EF
__ptext5                  text5        06F4
__ptext6                  text6        06FC
__size_of__fptable        (abs)        0000
__size_of_botao_soma      (abs)        0000
__size_of_botao_subtrai   (abs)        0000
__size_of_botoes_init     (abs)        0000
__size_of_delay           (abs)        0000
__size_of_disp7seg        (abs)        0000
__size_of_disp7seg_init   (abs)        0000
__size_of_main            (abs)        0000
_botao_soma               text6        06FC
_botao_subtrai            text5        06F4
_botoes_init              text4        06EF
_delay                    text3        073C
_disp7seg                 text2        0705
_disp7seg_init            text1        070F
_main                     maintext     0753
_vetor                    dataBANK0    0020
btemp                     (abs)        007E
delay@t                   cstackCOMMON 0070
disp7seg@digito           cstackCOMMON 0070
end_of_initialization     cinit        07FC
entry__disp7seg_init      functab      0009
fpbase                    functab      0008
fptable                   functab      0003
fptotal                   (abs)        0003
init_fetch0               inittext     0729
init_ram0                 inittext     072D
intlevel0                 functab      0003
intlevel1                 functab      0003
intlevel2                 functab      0003
intlevel3                 functab      0003
intlevel4                 functab      0003
intlevel5                 functab      0003
main@cont                 cstackCOMMON 0075
main@t                    cstackCOMMON 0073
reset_vec                 reset_vec    0000
stackhi                   (abs)        0000
stacklo                   (abs)        0000
start                     init         0000
start_initialization      cinit        07E2
wtemp0                    (abs)        007E


FUNCTION INFORMATION:

 *************** function _main *****************
 Defined at:
		line 15 in file "main.c"
 Parameters:    Size  Location     Type
		None
 Auto vars:     Size  Location     Type
  cont            2    5[COMMON] int 
  t               2    3[COMMON] int 
 Return value:  Size  Location     Type
                  1    wreg      void 
 Registers used:
		wreg, fsr0l, fsr0h, status,2, status,0, btemp+1, pclath, cstack
 Tracked objects:
		On entry : 
		On exit  : 
		Unchanged: 
 Data sizes:     COMMON   BANK0   BANK1   BANK3   BANK2
      Params:         0       0       0       0       0
      Locals:         4       0       0       0       0
      Temps:          0       0       0       0       0
      Totals:         4       0       0       0       0
Total ram usage:        4 bytes
 Hardware stack levels required when called:    1
 This function calls:
		_botao_soma
		_botao_subtrai
		_botoes_init
		_delay
		_disp7seg
		_disp7seg_init
 This function is called by:
		Startup code after reset
 This function uses a non-reentrant model


 *************** function _disp7seg_init *****************
 Defined at:
		line 16 in file "disp7seg.c"
 Parameters:    Size  Location     Type
		None
 Auto vars:     Size  Location     Type
		None
 Return value:  Size  Location     Type
                  1    wreg      void 
 Registers used:
		status,2
 Tracked objects:
		On entry : 
		On exit  : 
		Unchanged: 
 Data sizes:     COMMON   BANK0   BANK1   BANK3   BANK2
      Params:         0       0       0       0       0
      Locals:         0       0       0       0       0
      Temps:          0       0       0       0       0
      Totals:         0       0       0       0       0
Total ram usage:        0 bytes
 Hardware stack levels used:    1
 This function calls:
		Nothing
 This function is called by:
		_main
 This function uses a non-reentrant model


 *************** function _disp7seg *****************
 Defined at:
		line 23 in file "disp7seg.c"
 Parameters:    Size  Location     Type
  digito          1    wreg     unsigned char 
 Auto vars:     Size  Location     Type
  digito          1    0[COMMON] unsigned char 
 Return value:  Size  Location     Type
                  1    wreg      void 
 Registers used:
		wreg, fsr0l, fsr0h, status,2, status,0
 Tracked objects:
		On entry : 
		On exit  : 
		Unchanged: 
 Data sizes:     COMMON   BANK0   BANK1   BANK3   BANK2
      Params:         0       0       0       0       0
      Locals:         1       0       0       0       0
      Temps:          0       0       0       0       0
      Totals:         1       0       0       0       0
Total ram usage:        1 bytes
 Hardware stack levels used:    1
 This function calls:
		Nothing
 This function is called by:
		_main
 This function uses a non-reentrant model


 *************** function _delay *****************
 Defined at:
		line 12 in file "delay.c"
 Parameters:    Size  Location     Type
  t               2    0[COMMON] unsigned int 
 Auto vars:     Size  Location     Type
		None
 Return value:  Size  Location     Type
                  1    wreg      void 
 Registers used:
		wreg, status,2, status,0
 Tracked objects:
		On entry : 
		On exit  : 
		Unchanged: 
 Data sizes:     COMMON   BANK0   BANK1   BANK3   BANK2
      Params:         2       0       0       0       0
      Locals:         0       0       0       0       0
      Temps:          1       0       0       0       0
      Totals:         3       0       0       0       0
Total ram usage:        3 bytes
 Hardware stack levels used:    1
 This function calls:
		Nothing
 This function is called by:
		_main
 This function uses a non-reentrant model


 *************** function _botoes_init *****************
 Defined at:
		line 15 in file "botoes.c"
 Parameters:    Size  Location     Type
		None
 Auto vars:     Size  Location     Type
		None
 Return value:  Size  Location     Type
                  1    wreg      void 
 Registers used:
		None
 Tracked objects:
		On entry : 
		On exit  : 
		Unchanged: 
 Data sizes:     COMMON   BANK0   BANK1   BANK3   BANK2
      Params:         0       0       0       0       0
      Locals:         0       0       0       0       0
      Temps:          0       0       0       0       0
      Totals:         0       0       0       0       0
Total ram usage:        0 bytes
 Hardware stack levels used:    1
 This function calls:
		Nothing
 This function is called by:
		_main
 This function uses a non-reentrant model


 *************** function _botao_subtrai *****************
 Defined at:
		line 26 in file "botoes.c"
 Parameters:    Size  Location     Type
		None
 Auto vars:     Size  Location     Type
		None
 Return value:  Size  Location     Type
                  1    wreg      unsigned char 
 Registers used:
		wreg, status,2, status,0
 Tracked objects:
		On entry : 
		On exit  : 
		Unchanged: 
 Data sizes:     COMMON   BANK0   BANK1   BANK3   BANK2
      Params:         0       0       0       0       0
      Locals:         0       0       0       0       0
      Temps:          1       0       0       0       0
      Totals:         1       0       0       0       0
Total ram usage:        1 bytes
 Hardware stack levels used:    1
 This function calls:
		Nothing
 This function is called by:
		_main
 This function uses a non-reentrant model


 *************** function _botao_soma *****************
 Defined at:
		line 21 in file "botoes.c"
 Parameters:    Size  Location     Type
		None
 Auto vars:     Size  Location     Type
		None
 Return value:  Size  Location     Type
                  1    wreg      unsigned char 
 Registers used:
		wreg, status,2, status,0
 Tracked objects:
		On entry : 
		On exit  : 
		Unchanged: 
 Data sizes:     COMMON   BANK0   BANK1   BANK3   BANK2
      Params:         0       0       0       0       0
      Locals:         0       0       0       0       0
      Temps:          1       0       0       0       0
      Totals:         1       0       0       0       0
Total ram usage:        1 bytes
 Hardware stack levels used:    1
 This function calls:
		Nothing
 This function is called by:
		_main
 This function uses a non-reentrant model



MODULE INFORMATION

Module		Function		Class		Link	Load	Size
delay.c
		_delay         		CODE           	073C	0000	24

delay.c estimated size: 24

botoes.c
		_botoes_init   		CODE           	06EF	0000	6
		_botao_soma    		CODE           	06FC	0000	10
		_botao_subtrai 		CODE           	06F4	0000	9

botoes.c estimated size: 25

shared
		__initialization		CODE           	07E2	0000	27
		__fptable      		ENTRY          	0003	0000	10

shared estimated size: 37

disp7seg.c
		_disp7seg      		CODE           	0705	0000	11
		_disp7seg_init 		CODE           	070F	0000	11

disp7seg.c estimated size: 22

main.c
		_main          		CODE           	0753	0000	144

main.c estimated size: 144

